[demos.creative-tim.com/soft-ui-dashboard-pro/pages/dashboards/vr/vr-default.html]
[demos.creative-tim.com/soft-ui-dashboard-pro/assets/img/apple-icon.png]
[demos.creative-tim.com/soft-ui-dashboard-pro/assets/img/favicon.png]
[backblue.gif]
[fade.gif]
[index.html]
[s3.amazonaws.com/creativetim_bucket/products/487/thumb/opt_sdp_thumbnail.jpg]
[demos.creative-tim.com/soft-ui-dashboard-pro/assets/css/nucleo-icons.css]
[demos.creative-tim.com/soft-ui-dashboard-pro/assets/css/nucleo-svg.css]
[kit.fontawesome.com/42d5adcbca.js]
[demos.creative-tim.com/soft-ui-dashboard-pro/assets/css/soft-ui-dashboard.min21cd.css]
[www.google-analytics.com/analytics.js]
[demos.creative-tim.com/soft-ui-dashboard-pro/assets/img/team-2.jpg]
[demos.creative-tim.com/soft-ui-dashboard-pro/assets/img/vr-bg.jpg]
[demos.creative-tim.com/soft-ui-dashboard-pro/assets/img/logo-ct-dark.png]
[demos.creative-tim.com/soft-ui-dashboard-pro/pages/dashboards/vr/vr-info.html]
[demos.creative-tim.com/soft-ui-dashboard-pro/assets/img/curved-images/white-curved.jpg]
[demos.creative-tim.com/soft-ui-dashboard-pro/assets/img/icons/flags/US.png]
[demos.creative-tim.com/soft-ui-dashboard-pro/assets/img/icons/flags/DE.png]
[demos.creative-tim.com/soft-ui-dashboard-pro/assets/img/icons/flags/GB.png]
[demos.creative-tim.com/soft-ui-dashboard-pro/assets/img/icons/flags/BR.png]
[demos.creative-tim.com/soft-ui-dashboard-pro/assets/js/core/popper.min.js]
[demos.creative-tim.com/soft-ui-dashboard-pro/assets/js/core/bootstrap.min.js]
[demos.creative-tim.com/soft-ui-dashboard-pro/assets/js/plugins/perfect-scrollbar.min.js]
[demos.creative-tim.com/soft-ui-dashboard-pro/assets/js/plugins/smooth-scrollbar.min.js]
[demos.creative-tim.com/soft-ui-dashboard-pro/assets/js/plugins/dragula/dragula.min.js]
[demos.creative-tim.com/soft-ui-dashboard-pro/assets/js/plugins/jkanban/jkanban.js]
[demos.creative-tim.com/soft-ui-dashboard-pro/assets/js/plugins/orbit-controls.js]
[demos.creative-tim.com/soft-ui-dashboard-pro/assets/js/plugins/threejs.js]
[demos.creative-tim.com/soft-ui-dashboard-pro/assets/js/plugins/chartjs.min.js]
[buttons.github.io/buttons.js]
[demos.creative-tim.com/soft-ui-dashboard-pro/assets/js/soft-ui-dashboard.min21cd.js]
[demos.creative-tim.com/soft-ui-dashboard-pro/pages/dashboards/vr/vr-default.html]
[demos.creative-tim.com/soft-ui-dashboard-pro/assets/css/nucleo-icons.css]
[demos.creative-tim.com/soft-ui-dashboard-pro/assets/css/nucleo-svg.css]
[demos.creative-tim.com/soft-ui-dashboard-pro/assets/css/images/layers.png]
[demos.creative-tim.com/soft-ui-dashboard-pro/assets/css/images/layers-2x.png]
[demos.creative-tim.com/soft-ui-dashboard-pro/assets/css/images/marker-icon.png]
[demos.creative-tim.com/soft-ui-dashboard-pro/assets/css/soft-ui-dashboard.min21cd.css]
[www.googletagmanager.com/gtm5445.html]
[demos.creative-tim.com/soft-ui-dashboard-pro/assets/img/team-1.jpg]
[demos.creative-tim.com/soft-ui-dashboard-pro/assets/img/small-logos/icon-sun-cloud.png]
[demos.creative-tim.com/soft-ui-dashboard-pro/assets/img/curved-images/curved1.jpg]
[demos.creative-tim.com/soft-ui-dashboard-pro/assets/img/team-3.jpg]
[demos.creative-tim.com/soft-ui-dashboard-pro/assets/img/team-4.jpg]
[demos.creative-tim.com/soft-ui-dashboard-pro/pages/dashboards/vr/vr-info.html]
[demos.creative-tim.com/soft-ui-dashboard-pro/assets/css/images/layers.html]
[demos.creative-tim.com/soft-ui-dashboard-pro/assets/css/images/layers-2x.html]
[demos.creative-tim.com/soft-ui-dashboard-pro/assets/css/images/marker-icon.html]
